// Jest Snapshot v1, https://goo.gl/fbAQLP

exports[`FourOhFour Matches snapshot 1`] = `
<div>
  <div
    class="headroom-wrapper"
  >
    <div
      class="headroom headroom--unfixed"
      style="position: relative; top: 0px; left: 0px; right: 0px; z-index: 1; transform: translate3D(0, 0, 0);"
    >
      <div
        class="sc-AxjAm fEzfgO"
      >
        <a
          class="sc-AxhUy bILkkK"
          href="/"
        >
          <h1>
            Test title
          </h1>
        </a>
        <span
          class="sc-AxirZ gtVPNy"
          style="transform: rotate(0deg);"
        >
          &gt;
        </span>
      </div>
    </div>
  </div>
  <div
    class="sc-AxiKw jmqPVm"
  >
    <div
      class="sc-AxheI hhwjIJ"
    >
      <div
        class="sc-AxmLO jVuMPO"
      >
        <div
          class="sc-fzozJi la-dIuB"
        >
          <div>
            Â¯\\_(ãƒ„)_/Â¯
          </div>
          <div>
            Nothing to see here folks!
          </div>
          <a
            class="sc-fzoLsD tymYp"
            href="/"
          >
            Take me back
            <span
              aria-label="back"
              class="sc-fzpans eQLfzf"
              role="img"
            >
              ðŸ”™
            </span>
          </a>
        </div>
      </div>
    </div>
    <div
      class="sc-AxhCb bdrWTY"
    />
  </div>
</div>
`;
