// Jest Snapshot v1, https://goo.gl/fbAQLP

exports[`Main Matches snapshot 1`] = `
<div>
  <div
    class="headroom-wrapper"
  >
    <div
      class="headroom headroom--unfixed"
      style="position: relative; top: 0px; left: 0px; right: 0px; z-index: 1; transform: translate3D(0, 0, 0);"
    >
      <div
        class="sc-AxjAm fEzfgO"
      >
        <a
          class="sc-AxhUy bILkkK"
          href="/"
        >
          <h1>
            Test title
          </h1>
        </a>
        <span
          class="sc-AxirZ gtVPNy"
          style="transform: rotate(0deg);"
        >
          &gt;
        </span>
      </div>
    </div>
  </div>
  <div
    class="sc-AxiKw jmqPVm"
  >
    <div
      class="sc-AxheI gPjnvY"
    >
      <div
        class="sc-fznKkj hZbvix"
      >
        <div
          class="sc-fzplWN sc-fznZeY fLOyIP"
        >
          <div
            class="sc-fzokOt cIzEVk"
          >
            <div>
              Test About Content
            </div>
          </div>
        </div>
        <div
          class="sc-fzplWN sc-fznyAO gTZffj"
        >
          <div
            class="sc-fzqBZW fNVHmc"
          >
            <h1>
              Posts
            </h1>
            <span
              class="sc-fzqNJr TZybT"
            >
              Total: 
              2
            </span>
          </div>
          <div>
            Mock Post
          </div>
          <div>
            Mock Post
          </div>
        </div>
      </div>
    </div>
    <div
      class="sc-AxhCb jDuQaB"
    />
  </div>
</div>
`;
