// Jest Snapshot v1, https://goo.gl/fbAQLP

exports[`Generic Matches snapshot 1`] = `
<div>
  <div
    class="headroom-wrapper"
  >
    <div
      class="headroom headroom--unfixed"
      style="position: relative; top: 0px; left: 0px; right: 0px; z-index: 1; transform: translate3D(0, 0, 0);"
    >
      <div
        class="sc-AxjAm fEzfgO"
      >
        <a
          class="sc-AxhUy bILkkK"
          href="/"
        >
          <h1>
            Test title
          </h1>
        </a>
        <span
          class="sc-AxirZ gtVPNy"
          style="transform: rotate(0deg);"
        >
          &gt;
        </span>
      </div>
    </div>
  </div>
  <div
    class="sc-AxiKw jmqPVm sc-Axmtr eCLTHA"
  >
    <div
      class="sc-AxheI hhwjIJ"
    >
      <div
        class="sc-AxmLO bIlwlq"
      >
        <h1>
          Title
        </h1>
        <div>
          <div>
            Test Page
          </div>
        </div>
      </div>
    </div>
    <div
      class="sc-AxhCb bdrWTY"
    />
  </div>
</div>
`;
