// Jest Snapshot v1, https://goo.gl/fbAQLP

exports[`Post matches snapshot 1`] = `
.c0 {
  padding: 4px;
  padding-bottom: 0;
  -webkit-transition: background-color 1s ease-out;
  transition: background-color 1s ease-out;
  text-align: left;
}

.c0:hover {
  background-color: white;
}

.c3 {
  visibility: hidden;
  max-height: 0px;
  overflow: hidden;
  -webkit-transition: max-height 1s,visibility 1s;
  transition: max-height 1s,visibility 1s;
  position: relative;
}

.c3:after {
  content: '';
  width: 100%;
  height: 100%;
  position: absolute;
  left: 0;
  top: 0;
  background: linear-gradient( transparent 40px, #fff );
}

.c1 {
  -webkit-text-decoration: none;
  text-decoration: none;
  color: inherit;
}

.c2 {
  color: #667269;
}

<div>
  <div
    data-testid="post-hover-div"
  >
    <div
      class="c0"
      data-testid="post-container"
    >
      <a
        class="c1"
        href="slug"
      >
        <h3>
          Test title
          <span
            class="c2"
          >
             â€” 
            2020-03-01
          </span>
        </h3>
        <p
          class="c3"
          data-testid="excerpt"
        />
      </a>
    </div>
  </div>
</div>
`;
